
> vapetrack-ph@0.1.0 build
> next build

Γû▓ Next.js 16.1.6 (Turbopack)
- Environments: .env

  Creating an optimized production build ...
Γ£ô Compiled successfully in 3.7s
  Running TypeScript ...
Failed to compile.

./app/(dashboard)/branches/branch-list.tsx:207:20
Type error: Type '{ children: Element; open: boolean; onOpenChange: Dispatch<SetStateAction<boolean>>; }' is not assignable to type 'IntrinsicAttributes & { children: ReactNode; }'.
  Property 'open' does not exist on type 'IntrinsicAttributes & { children: ReactNode; }'.

  205 |
  206 |       {/* Delete Confirmation Dialog */}
> 207 |       <AlertDialog open={deleteDialogOpen} onOpenChange={setDeleteDialogOpen}>
      |                    ^
  208 |         <AlertDialogContent>
  209 |           <AlertDialogHeader>
  210 |             <AlertDialogTitle>Are you sure?</AlertDialogTitle>
Next.js build worker exited with code: 1 and signal: null
