
Running 3 tests using 3 workers

[1A[2K[1/3] [chromium] ΓÇ║ e2e\dashboard-navigation.spec.ts:26:9 ΓÇ║ Dashboard Navigation ΓÇ║ navigation links work correctly
[1A[2K[2/3] [chromium] ΓÇ║ e2e\dashboard-navigation.spec.ts:58:9 ΓÇ║ Dashboard Navigation ΓÇ║ responsive navigation works on mobile
[1A[2K[3/3] [chromium] ΓÇ║ e2e\dashboard-navigation.spec.ts:4:9 ΓÇ║ Dashboard Navigation ΓÇ║ owner sees all navigation items
[1A[2K  1) [chromium] ΓÇ║ e2e\dashboard-navigation.spec.ts:58:9 ΓÇ║ Dashboard Navigation ΓÇ║ responsive navigation works on mobile 

    Error: [2mexpect([22m[31mlocator[39m[2m).[22mtoBeVisible[2m([22m[2m)[22m failed

    Locator: locator('nav:has-text("Dashboard")')
    Expected: visible
    Error: strict mode violation: locator('nav:has-text("Dashboard")') resolved to 3 elements:
        1) <nav class="flex-1 space-y-1 p-4">ΓÇª</nav> aka locator('aside').getByText('DashboardPOSInventoryBranchesReportsSettings')
        2) <nav class="fixed bottom-0 left-0 right-0 z-50 border-t border-border bg-background md:hidden">ΓÇª</nav> aka getByRole('navigation').filter({ hasText: 'DashboardPOSInventoryReports' })
        3) <nav class="mt-6 space-y-1">ΓÇª</nav> aka getByRole('navigation').filter({ hasText: 'DashboardPOSInventoryBranchesReportsSettings' })

    Call log:
    [2m  - Expect "toBeVisible" with timeout 5000ms[22m
    [2m  - waiting for locator('nav:has-text("Dashboard")')[22m


      74 |
      75 |         // Mobile bottom nav should be visible
    > 76 |         await expect(page.locator('nav:has-text("Dashboard")')).toBeVisible();
         |                                                                 ^
      77 |
      78 |         // Hamburger menu should open sheet
      79 |         await page.click('button[aria-label="Open menu"]');
        at C:\Users\narq9\Desktop\Projects\vapetrack-ph\e2e\dashboard-navigation.spec.ts:76:65

    Error Context: test-results\dashboard-navigation-Dashb-10222--navigation-works-on-mobile-chromium\error-context.md


[1A[2K  2) [chromium] ΓÇ║ e2e\dashboard-navigation.spec.ts:26:9 ΓÇ║ Dashboard Navigation ΓÇ║ navigation links work correctly 

    [31mTest timeout of 30000ms exceeded.[39m

    Error: page.click: Test timeout of 30000ms exceeded.
    Call log:
    [2m  - waiting for locator('aside').locator('text=Branches')[22m
    [2m    - locator resolved to <a href="/dashboard/branches" class="flex items-center gap-3 rounded-lg px-3 py-2.5 text-sm font-medium transition-colors">ΓÇª</a>[22m
    [2m  - attempting click action[22m
    [2m    2 ├ù waiting for element to be visible, enabled and stable[22m
    [2m      - element is visible, enabled and stable[22m
    [2m      - scrolling into view if needed[22m
    [2m      - done scrolling[22m
    [2m      - <a href="/dashboard/branches" class="flex items-center gap-3 rounded-lg px-3 py-2.5 text-sm font-medium transition-colors text-muted-foreground">ΓÇª</a> from <div>ΓÇª</div> subtree intercepts pointer events[22m
    [2m    - retrying click action[22m
    [2m    - waiting 20ms[22m
    [2m    2 ├ù waiting for element to be visible, enabled and stable[22m
    [2m      - element is visible, enabled and stable[22m
    [2m      - scrolling into view if needed[22m
    [2m      - done scrolling[22m
    [2m      - <a href="/dashboard/branches" class="flex items-center gap-3 rounded-lg px-3 py-2.5 text-sm font-medium transition-colors text-muted-foreground">ΓÇª</a> from <div>ΓÇª</div> subtree intercepts pointer events[22m
    [2m    - retrying click action[22m
    [2m      - waiting 100ms[22m
    [2m    52 ├ù waiting for element to be visible, enabled and stable[22m
    [2m       - element is visible, enabled and stable[22m
    [2m       - scrolling into view if needed[22m
    [2m       - done scrolling[22m
    [2m       - <a href="/dashboard/branches" class="flex items-center gap-3 rounded-lg px-3 py-2.5 text-sm font-medium transition-colors text-muted-foreground">ΓÇª</a> from <div>ΓÇª</div> subtree intercepts pointer events[22m
    [2m     - retrying click action[22m
    [2m       - waiting 500ms[22m


      38 |
      39 |         // Test Branches link
    > 40 |         await page.click("aside >> text=Branches");
         |                    ^
      41 |         await page.waitForURL("**/dashboard/branches");
      42 |         await expect(
      43 |             page.locator('h1:has-text("Branch Management")'),
        at C:\Users\narq9\Desktop\Projects\vapetrack-ph\e2e\dashboard-navigation.spec.ts:40:20

    Error Context: test-results\dashboard-navigation-Dashb-2d1a3-gation-links-work-correctly-chromium\error-context.md


[1A[2K  2 failed
    [chromium] ΓÇ║ e2e\dashboard-navigation.spec.ts:26:9 ΓÇ║ Dashboard Navigation ΓÇ║ navigation links work correctly 
    [chromium] ΓÇ║ e2e\dashboard-navigation.spec.ts:58:9 ΓÇ║ Dashboard Navigation ΓÇ║ responsive navigation works on mobile 
  1 passed (33.7s)

[36m  Serving HTML report at http://localhost:50680. Press Ctrl+C to quit.[39m
